// Jest Snapshot v1, https://goo.gl/fbAQLP

exports[`Pruebas en GifApp Debe hacer match con el snapshot 1`] = `
<div>
  <div
    class="container"
  >
    <h1>
      GifApp
    </h1>
    <form
      aria-label="form"
    >
      <input
        placeholder="Buscar un gif"
        type="text"
        value=""
      />
    </form>
    <div
      class="subcontainer"
    >
      <h3>
        Resident Evil
      </h3>
      <h2>
        Cargando...
      </h2>
      <div
        class="card-grid"
      />
    </div>
  </div>
</div>
`;
